src/pages/Dashboard.tsx(496,46): error TS6133: 'roadmap' is declared but its value is never read.
