src/pages/Dashboard.tsx(499,9): error TS6133: 'roadmap' is declared but its value is never read.
